../Core/Src/main.c:59:6:read_insert_sensors	48	static
../Core/Src/main.c:86:9:set_sensors_scale	16	static
../Core/Src/main.c:117:6:sensors_init	8	static
../Core/Src/main.c:130:6:start_mag_cal	184	static
../Core/Src/main.c:177:5:main	432	static
../Core/Src/main.c:246:6:SystemClock_Config	120	static
../Core/Src/main.c:299:13:MX_CRC_Init	8	static
../Core/Src/main.c:317:13:MX_USART3_UART_Init	8	static
../Core/Src/main.c:352:13:MX_GPIO_Init	48	static
../Core/Src/main.c:382:6:MPU_Config	24	static
../Core/Src/main.c:408:6:Error_Handler	4	static,ignoring_inline_asm
